
Allocating common symbols
Common symbol       size              file

kbd_buf             0x6c              build/keyboard.o
root_dir            0x208             build/dir.o
thread_ready_list   0x10              build/thread.o
thread_all_list     0x10              build/thread.o
user_pool           0x2c              build/memory.o
channel_cnt         0x1               build/ide.o
cur_part            0x4               build/fs.o
k_block_descs       0xa8              build/memory.o
idle_thread         0x4               build/thread.o
intr_name           0x204             build/interrupt.o
channels            0xcc0             build/ide.o
ticks               0x4               build/timer.o
kernel_vaddr        0xc               build/memory.o
g_main_thread       0x4               build/thread.o
syscall_table       0x80              build/syscall-init.o
idt_table           0x204             build/interrupt.o
file_table          0x180             build/file.o
partition_list      0x10              build/ide.o
kernel_pool         0x2c              build/memory.o
pid_lock            0x1c              build/thread.o

Discarded input sections

 .note.GNU-stack
                0x0000000000000000        0x0 build/main.o
 .note.GNU-stack
                0x0000000000000000        0x0 build/init.o
 .note.GNU-stack
                0x0000000000000000        0x0 build/interrupt.o
 .note.GNU-stack
                0x0000000000000000        0x0 build/timer.o
 .note.GNU-stack
                0x0000000000000000        0x0 build/debug.o
 .note.GNU-stack
                0x0000000000000000        0x0 build/bitmap.o
 .note.GNU-stack
                0x0000000000000000        0x0 build/memory.o
 .note.GNU-stack
                0x0000000000000000        0x0 build/string.o
 .note.GNU-stack
                0x0000000000000000        0x0 build/thread.o
 .note.GNU-stack
                0x0000000000000000        0x0 build/list.o
 .note.GNU-stack
                0x0000000000000000        0x0 build/console.o
 .note.GNU-stack
                0x0000000000000000        0x0 build/sync.o
 .note.GNU-stack
                0x0000000000000000        0x0 build/keyboard.o
 .note.GNU-stack
                0x0000000000000000        0x0 build/ioqueue.o
 .note.GNU-stack
                0x0000000000000000        0x0 build/tss.o
 .note.GNU-stack
                0x0000000000000000        0x0 build/process.o
 .note.GNU-stack
                0x0000000000000000        0x0 build/syscall.o
 .note.GNU-stack
                0x0000000000000000        0x0 build/syscall-init.o
 .note.GNU-stack
                0x0000000000000000        0x0 build/stdio.o
 .note.GNU-stack
                0x0000000000000000        0x0 build/ide.o
 .note.GNU-stack
                0x0000000000000000        0x0 build/stdio-kernel.o
 .note.GNU-stack
                0x0000000000000000        0x0 build/fs.o
 .note.GNU-stack
                0x0000000000000000        0x0 build/inode.o
 .note.GNU-stack
                0x0000000000000000        0x0 build/file.o
 .note.GNU-stack
                0x0000000000000000        0x0 build/dir.o

Memory Configuration

Name             Origin             Length             Attributes
*default*        0x0000000000000000 0xffffffffffffffff

Linker script and memory map

Address of section .text set to 0xc0001500
LOAD build/main.o
LOAD build/init.o
LOAD build/interrupt.o
LOAD build/timer.o
LOAD build/kernel.o
LOAD build/print.o
LOAD build/debug.o
LOAD build/bitmap.o
LOAD build/memory.o
LOAD build/string.o
LOAD build/thread.o
LOAD build/list.o
LOAD build/switch.o
LOAD build/console.o
LOAD build/sync.o
LOAD build/keyboard.o
LOAD build/ioqueue.o
LOAD build/tss.o
LOAD build/process.o
LOAD build/syscall.o
LOAD build/syscall-init.o
LOAD build/stdio.o
LOAD build/ide.o
LOAD build/stdio-kernel.o
LOAD build/fs.o
LOAD build/inode.o
LOAD build/file.o
LOAD build/dir.o
                [!provide]                        PROVIDE (__executable_start, 0x8048000)
                0x0000000008048094                . = (0x8048000 + SIZEOF_HEADERS)

.interp
 *(.interp)

.note.gnu.build-id
 *(.note.gnu.build-id)

.hash
 *(.hash)

.gnu.hash
 *(.gnu.hash)

.dynsym
 *(.dynsym)

.dynstr
 *(.dynstr)

.gnu.version
 *(.gnu.version)

.gnu.version_d
 *(.gnu.version_d)

.gnu.version_r
 *(.gnu.version_r)

.rel.dyn        0x0000000008048094        0x0
 *(.rel.init)
 *(.rel.text .rel.text.* .rel.gnu.linkonce.t.*)
 .rel.text      0x0000000008048094        0x0 build/main.o
 *(.rel.fini)
 *(.rel.rodata .rel.rodata.* .rel.gnu.linkonce.r.*)
 *(.rel.data.rel.ro .rel.data.rel.ro.* .rel.gnu.linkonce.d.rel.ro.*)
 *(.rel.data .rel.data.* .rel.gnu.linkonce.d.*)
 *(.rel.tdata .rel.tdata.* .rel.gnu.linkonce.td.*)
 *(.rel.tbss .rel.tbss.* .rel.gnu.linkonce.tb.*)
 *(.rel.ctors)
 *(.rel.dtors)
 *(.rel.got)
 *(.rel.bss .rel.bss.* .rel.gnu.linkonce.b.*)
 *(.rel.ifunc)

.rel.plt        0x0000000008048094        0x0
 *(.rel.plt)
                [!provide]                        PROVIDE (__rel_iplt_start, .)
 *(.rel.iplt)
 .rel.iplt      0x0000000008048094        0x0 build/main.o
                [!provide]                        PROVIDE (__rel_iplt_end, .)

.init
 *(SORT(.init))

.plt            0x00000000080480a0        0x0
 *(.plt)
 *(.iplt)
 .iplt          0x00000000080480a0        0x0 build/main.o

.plt.got
 *(.plt.got)

.text           0x00000000c0001500     0x6f78
 *(.text.unlikely .text.*_unlikely .text.unlikely.*)
 *(.text.exit .text.exit.*)
 *(.text.startup .text.startup.*)
 *(.text.hot .text.hot.*)
 *(.text .stub .text.* .gnu.linkonce.t.*)
 .text          0x00000000c0001500      0x390 build/main.o
                0x00000000c0001500                main
                0x00000000c0001596                k_thread_a
                0x00000000c000167a                k_thread_b
                0x00000000c000175e                u_prog_a
                0x00000000c00017f7                u_prog_b
 .text          0x00000000c0001890       0x50 build/init.o
                0x00000000c0001890                init_all
 .text          0x00000000c00018e0      0x46e build/interrupt.o
                0x00000000c0001c32                intr_enable
                0x00000000c0001c5b                intr_disable
                0x00000000c0001c84                intr_set_status
                0x00000000c0001ca2                intr_get_status
                0x00000000c0001cc6                register_handler
                0x00000000c0001ce3                idt_init
 .text          0x00000000c0001d4e      0x1d5 build/timer.o
                0x00000000c0001e85                mtime_sleep
                0x00000000c0001ed0                timer_init
 *fill*         0x00000000c0001f23        0xd 
 .text          0x00000000c0001f30      0x55b build/kernel.o
                0x00000000c0001f30                intr_exit
                0x00000000c0002467                syscall_handler
 *fill*         0x00000000c000248b        0x5 
 .text          0x00000000c0002490      0x172 build/print.o
                0x00000000c0002490                put_str
                0x00000000c00024ae                put_char
                0x00000000c000257b                put_int
                0x00000000c00025de                set_cursor
 .text          0x00000000c0002602       0xd6 build/debug.o
                0x00000000c0002602                panic_spin
 .text          0x00000000c00026d8      0x249 build/bitmap.o
                0x00000000c00026d8                bitmap_init
                0x00000000c00026fb                bitmap_scan_test
                0x00000000c000273b                bitmap_scan
                0x00000000c0002870                bitmap_set
 .text          0x00000000c0002921     0x10f9 build/memory.o
                0x00000000c0002a37                pte_ptr
                0x00000000c0002a67                pde_ptr
                0x00000000c0002be8                malloc_page
                0x00000000c0002caa                get_kernel_pages
                0x00000000c0002d05                get_user_pages
                0x00000000c0002d60                get_a_page
                0x00000000c0002ed0                addr_v2p
                0x00000000c0002f23                sys_malloc
                0x00000000c0003258                pfree
                0x00000000c000338f                mfree_page
                0x00000000c0003550                sys_free
                0x00000000c0003936                block_desc_init
                0x00000000c00039c9                mem_init
 .text          0x00000000c0003a1a      0x3d0 build/string.o
                0x00000000c0003a1a                memset
                0x00000000c0003a6c                memcpy
                0x00000000c0003acc                memcmp
                0x00000000c0003b4f                strcpy
                0x00000000c0003ba4                strlen
                0x00000000c0003bef                strcmp
                0x00000000c0003c68                strchr
                0x00000000c0003cc0                strrchr
                0x00000000c0003d1e                strcat
                0x00000000c0003d88                strchrs
 .text          0x00000000c0003dea      0x6ee build/thread.o
                0x00000000c0003e01                running_thread
                0x00000000c0003e71                thread_create
                0x00000000c0003ee8                init_thread
                0x00000000c0003fd5                thread_start
                0x00000000c0004131                schedule
                0x00000000c000427e                thread_block
                0x00000000c00042e1                thread_unblock
                0x00000000c00043db                thread_yield
                0x00000000c000445f                thread_init
 .text          0x00000000c00044d8      0x1f1 build/list.o
                0x00000000c00044d8                list_init
                0x00000000c0004506                list_insert_before
                0x00000000c000454b                list_push
                0x00000000c0004569                list_append
                0x00000000c0004587                list_remove
                0x00000000c00045c1                list_pop
                0x00000000c00045e3                elem_find
                0x00000000c000461e                list_traversal
                0x00000000c000467b                list_len
                0x00000000c00046b0                list_empty
 *fill*         0x00000000c00046c9        0x7 
 .text          0x00000000c00046d0       0x15 build/switch.o
                0x00000000c00046d0                switch_to
 .text          0x00000000c00046e5       0xb6 build/console.o
                0x00000000c00046e5                console_init
                0x00000000c00046fe                console_acquire
                0x00000000c0004717                console_release
                0x00000000c0004730                console_put_str
                0x00000000c0004751                console_put_char
                0x00000000c000477a                console_put_int
 .text          0x00000000c000479b      0x313 build/sync.o
                0x00000000c000479b                sema_init
                0x00000000c00047c5                lock_init
                0x00000000c00047f5                sema_down
                0x00000000c00048f0                sema_up
                0x00000000c000499f                lock_acquire
                0x00000000c0004a16                lock_release
 .text          0x00000000c0004aae      0x300 build/keyboard.o
                0x00000000c0004d63                keyboard_init
 .text          0x00000000c0004dae      0x2ee build/ioqueue.o
                0x00000000c0004dae                ioqueue_init
                0x00000000c0004e0e                ioq_full
                0x00000000c0004f27                ioq_getchar
                0x00000000c0004fe0                ioq_putchar
 .text          0x00000000c000509c      0x18c build/tss.o
                0x00000000c000509c                update_tss_esp
                0x00000000c000511e                tss_init
 .text          0x00000000c0005228      0x36d build/process.o
                0x00000000c0005228                start_process
                0x00000000c000532d                page_dir_activate
                0x00000000c0005362                process_activate
                0x00000000c00053b0                create_page_dir
                0x00000000c0005428                create_user_vaddr_bitmap
                0x00000000c0005474                process_execute
 .text          0x00000000c0005595       0x70 build/syscall.o
                0x00000000c0005595                getpid
                0x00000000c00055aa                write
                0x00000000c00055c9                malloc
                0x00000000c00055e8                free
 .text          0x00000000c0005605       0x87 build/syscall-init.o
                0x00000000c0005605                sys_getpid
                0x00000000c0005617                sys_write
                0x00000000c000563b                syscall_init
 .text          0x00000000c000568c      0x287 build/stdio.o
                0x00000000c000570b                vsprintf
                0x00000000c0005888                sprintf
                0x00000000c00058b8                printf
 .text          0x00000000c0005913      0xd88 build/ide.o
                0x00000000c0005c22                ide_read
                0x00000000c0005d96                ide_write
                0x00000000c00063d5                intr_hd_handler
                0x00000000c000648f                ide_init
 .text          0x00000000c000669b       0x5c build/stdio-kernel.o
                0x00000000c000669b                printk
 .text          0x00000000c00066f7      0xdfc build/fs.o
                0x00000000c0006dac                path_depth_cnt
                0x00000000c00070b6                sys_open
                0x00000000c00072fc                filesys_init
 .text          0x00000000c00074f3      0x3d9 build/inode.o
                0x00000000c000758d                inode_sync
                0x00000000c00076b4                inode_open
                0x00000000c00077fa                inode_close
                0x00000000c0007876                inode_init
 .text          0x00000000c00078cc      0x4a5 build/file.o
                0x00000000c00078cc                get_free_slot_in_global
                0x00000000c0007921                pcb_fd_install
                0x00000000c000798e                inode_bitmap_alloc
                0x00000000c00079d5                block_bitmap_alloc
                0x00000000c0007a27                bitmap_sync
                0x00000000c0007aaf                file_create
 .text          0x00000000c0007d71      0x707 build/dir.o
                0x00000000c0007d71                open_root_dir
                0x00000000c0007da1                dir_open
                0x00000000c0007de1                search_dir_entry
                0x00000000c0007fb9                dir_close
                0x00000000c0007fec                create_dir_entry
                0x00000000c000805d                sync_dir_entry
 *(.gnu.warning)

.fini
 *(SORT(.fini))
                [!provide]                        PROVIDE (__etext, .)
                [!provide]                        PROVIDE (_etext, .)
                [!provide]                        PROVIDE (etext, .)

.rodata         0x00000000c0008478     0x1767
 *(.rodata .rodata.* .gnu.linkonce.r.*)
 .rodata        0x00000000c0008478       0xd4 build/main.o
 .rodata        0x00000000c000854c        0xa build/init.o
 *fill*         0x00000000c0008556        0x2 
 .rodata        0x00000000c0008558      0x2cd build/interrupt.o
 *fill*         0x00000000c0008825        0x3 
 .rodata        0x00000000c0008828       0x88 build/timer.o
 .rodata        0x00000000c00088b0       0x3f build/debug.o
 *fill*         0x00000000c00088ef        0x1 
 .rodata        0x00000000c00088f0       0x6b build/bitmap.o
 *fill*         0x00000000c000895b        0x1 
 .rodata        0x00000000c000895c      0x3bd build/memory.o
 *fill*         0x00000000c0008d19        0x3 
 .rodata        0x00000000c0008d1c       0xc4 build/string.o
 .rodata        0x00000000c0008de0      0x2e1 build/thread.o
 *fill*         0x00000000c00090c1        0x3 
 .rodata        0x00000000c00090c4      0x135 build/sync.o
 .rodata        0x00000000c00091f9       0x36 build/keyboard.o
 *fill*         0x00000000c000922f        0x1 
 .rodata        0x00000000c0009230       0xa8 build/ioqueue.o
 .rodata        0x00000000c00092d8       0x27 build/tss.o
 *fill*         0x00000000c00092ff        0x1 
 .rodata        0x00000000c0009300       0xe0 build/process.o
 .rodata        0x00000000c00093e0       0x27 build/syscall-init.o
 *fill*         0x00000000c0009407        0x1 
 .rodata        0x00000000c0009408      0x1f9 build/ide.o
 *fill*         0x00000000c0009601        0x3 
 .rodata        0x00000000c0009604      0x389 build/fs.o
 *fill*         0x00000000c000998d        0x3 
 .rodata        0x00000000c0009990       0x6f build/inode.o
 *fill*         0x00000000c00099ff        0x1 
 .rodata        0x00000000c0009a00       0xdb build/file.o
 *fill*         0x00000000c0009adb        0x1 
 .rodata        0x00000000c0009adc      0x103 build/dir.o

.rodata1
 *(.rodata1)

.eh_frame_hdr
 *(.eh_frame_hdr)
 *(.eh_frame_entry .eh_frame_entry.*)

.eh_frame       0x00000000c0009be0     0x1590
 *(.eh_frame)
 .eh_frame      0x00000000c0009be0       0xac build/main.o
 .eh_frame      0x00000000c0009c8c       0x20 build/init.o
                                         0x38 (size before relaxing)
 .eh_frame      0x00000000c0009cac      0x188 build/interrupt.o
                                        0x1a0 (size before relaxing)
 .eh_frame      0x00000000c0009e34       0xc8 build/timer.o
                                         0xe0 (size before relaxing)
 .eh_frame      0x00000000c0009efc       0x1c build/debug.o
                                         0x34 (size before relaxing)
 .eh_frame      0x00000000c0009f18       0x8c build/bitmap.o
                                         0xa4 (size before relaxing)
 .eh_frame      0x00000000c0009fa4      0x2a0 build/memory.o
                                        0x2b8 (size before relaxing)
 .eh_frame      0x00000000c000a244      0x140 build/string.o
                                        0x158 (size before relaxing)
 .eh_frame      0x00000000c000a384      0x19c build/thread.o
                                        0x1b4 (size before relaxing)
 .eh_frame      0x00000000c000a520      0x140 build/list.o
                                        0x158 (size before relaxing)
 .eh_frame      0x00000000c000a660       0xc0 build/console.o
                                         0xd8 (size before relaxing)
 .eh_frame      0x00000000c000a720       0xc8 build/sync.o
                                         0xe0 (size before relaxing)
 .eh_frame      0x00000000c000a7e8       0x60 build/keyboard.o
                                         0x78 (size before relaxing)
 .eh_frame      0x00000000c000a848      0x100 build/ioqueue.o
                                        0x118 (size before relaxing)
 .eh_frame      0x00000000c000a948       0x64 build/tss.o
                                         0x7c (size before relaxing)
 .eh_frame      0x00000000c000a9ac       0xc0 build/process.o
                                         0xd8 (size before relaxing)
 .eh_frame      0x00000000c000aa6c       0x8c build/syscall.o
                                         0xa4 (size before relaxing)
 .eh_frame      0x00000000c000aaf8       0x60 build/syscall-init.o
                                         0x78 (size before relaxing)
 .eh_frame      0x00000000c000ab58       0x84 build/stdio.o
                                         0x9c (size before relaxing)
 .eh_frame      0x00000000c000abdc      0x254 build/ide.o
                                        0x26c (size before relaxing)
 .eh_frame      0x00000000c000ae30       0x24 build/stdio-kernel.o
                                         0x3c (size before relaxing)
 .eh_frame      0x00000000c000ae54       0xf8 build/fs.o
                                        0x110 (size before relaxing)
 .eh_frame      0x00000000c000af4c       0xa0 build/inode.o
                                         0xb8 (size before relaxing)
 .eh_frame      0x00000000c000afec       0xc0 build/file.o
                                         0xd8 (size before relaxing)
 .eh_frame      0x00000000c000b0ac       0xc4 build/dir.o
                                         0xdc (size before relaxing)
 *(.eh_frame.*)

.gcc_except_table
 *(.gcc_except_table .gcc_except_table.*)

.gnu_extab
 *(.gnu_extab*)

.exception_ranges
 *(.exception_ranges .exception_ranges*)
                0x00000000c000c170                . = DATA_SEGMENT_ALIGN (0x1000, 0x1000)

.eh_frame
 *(.eh_frame)
 *(.eh_frame.*)

.gnu_extab
 *(.gnu_extab)

.gcc_except_table
 *(.gcc_except_table .gcc_except_table.*)

.exception_ranges
 *(.exception_ranges .exception_ranges*)

.tdata
 *(.tdata .tdata.* .gnu.linkonce.td.*)

.tbss
 *(.tbss .tbss.* .gnu.linkonce.tb.*)
 *(.tcommon)

.preinit_array  0x00000000c000c170        0x0
                [!provide]                        PROVIDE (__preinit_array_start, .)
 *(.preinit_array)
                [!provide]                        PROVIDE (__preinit_array_end, .)

.init_array     0x00000000c000c170        0x0
                [!provide]                        PROVIDE (__init_array_start, .)
 *(SORT(.init_array.*) SORT(.ctors.*))
 *(.init_array EXCLUDE_FILE(*crtend?.o *crtend.o *crtbegin?.o *crtbegin.o) .ctors)
                [!provide]                        PROVIDE (__init_array_end, .)

.fini_array     0x00000000c000c170        0x0
                [!provide]                        PROVIDE (__fini_array_start, .)
 *(SORT(.fini_array.*) SORT(.dtors.*))
 *(.fini_array EXCLUDE_FILE(*crtend?.o *crtend.o *crtbegin?.o *crtbegin.o) .dtors)
                [!provide]                        PROVIDE (__fini_array_end, .)

.ctors
 *crtbegin.o(.ctors)
 *crtbegin?.o(.ctors)
 *(EXCLUDE_FILE(*crtend?.o *crtend.o) .ctors)
 *(SORT(.ctors.*))
 *(.ctors)

.dtors
 *crtbegin.o(.dtors)
 *crtbegin?.o(.dtors)
 *(EXCLUDE_FILE(*crtend?.o *crtend.o) .dtors)
 *(SORT(.dtors.*))
 *(.dtors)

.jcr
 *(.jcr)

.data.rel.ro
 *(.data.rel.ro.local* .gnu.linkonce.d.rel.ro.local.*)
 *(.data.rel.ro .data.rel.ro.* .gnu.linkonce.d.rel.ro.*)

.dynamic
 *(.dynamic)

.got
 *(.got)
 *(.igot)
                0x00000000c000c170                . = DATA_SEGMENT_RELRO_END (., (SIZEOF (.got.plt) >= 0xc)?0xc:0x0)

.got.plt        0x00000000c000c170        0x0
 *(.got.plt)
 *(.igot.plt)
 .igot.plt      0x00000000c000c170        0x0 build/main.o

.data           0x00000000c000c180      0x156
 *(.data .data.* .gnu.linkonce.d.*)
 .data          0x00000000c000c180        0x0 build/main.o
 .data          0x00000000c000c180        0x0 build/init.o
 .data          0x00000000c000c180        0x0 build/interrupt.o
 .data          0x00000000c000c180        0x0 build/timer.o
 .data          0x00000000c000c180       0xc0 build/kernel.o
                0x00000000c000c180                intr_entry_table
 .data          0x00000000c000c240        0x8 build/print.o
 .data          0x00000000c000c248        0x0 build/debug.o
 .data          0x00000000c000c248        0x0 build/bitmap.o
 .data          0x00000000c000c248        0x0 build/memory.o
 .data          0x00000000c000c248        0x0 build/string.o
 .data          0x00000000c000c248        0x0 build/thread.o
 .data          0x00000000c000c248        0x0 build/list.o
 .data          0x00000000c000c248        0x0 build/console.o
 .data          0x00000000c000c248        0x0 build/sync.o
 *fill*         0x00000000c000c248       0x18 
 .data          0x00000000c000c260       0x76 build/keyboard.o
 .data          0x00000000c000c2d6        0x0 build/ioqueue.o
 .data          0x00000000c000c2d6        0x0 build/tss.o
 .data          0x00000000c000c2d6        0x0 build/process.o
 .data          0x00000000c000c2d6        0x0 build/syscall.o
 .data          0x00000000c000c2d6        0x0 build/syscall-init.o
 .data          0x00000000c000c2d6        0x0 build/stdio.o
 .data          0x00000000c000c2d6        0x0 build/ide.o
 .data          0x00000000c000c2d6        0x0 build/stdio-kernel.o
 .data          0x00000000c000c2d6        0x0 build/fs.o
 .data          0x00000000c000c2d6        0x0 build/inode.o
 .data          0x00000000c000c2d6        0x0 build/file.o
 .data          0x00000000c000c2d6        0x0 build/dir.o

.data1
 *(.data1)
                0x00000000c000c2d6                _edata = .
                [!provide]                        PROVIDE (edata, .)
                0x00000000c000c2d6                . = .
                0x00000000c000c2d6                __bss_start = .

.bss            0x00000000c000c2e0     0x1c08
 *(.dynbss)
 *(.bss .bss.* .gnu.linkonce.b.*)
 .bss           0x00000000c000c2e0        0x0 build/main.o
 .bss           0x00000000c000c2e0        0x0 build/init.o
 .bss           0x00000000c000c2e0      0x408 build/interrupt.o
 .bss           0x00000000c000c6e8        0x0 build/timer.o
 .bss           0x00000000c000c6e8        0x0 build/debug.o
 .bss           0x00000000c000c6e8        0x0 build/bitmap.o
 .bss           0x00000000c000c6e8        0x0 build/memory.o
 .bss           0x00000000c000c6e8        0x0 build/string.o
 .bss           0x00000000c000c6e8        0x6 build/thread.o
 .bss           0x00000000c000c6ee        0x0 build/list.o
 *fill*         0x00000000c000c6ee        0x2 
 .bss           0x00000000c000c6f0       0x1c build/console.o
 .bss           0x00000000c000c70c        0x0 build/sync.o
 .bss           0x00000000c000c70c       0x14 build/keyboard.o
 .bss           0x00000000c000c720        0x0 build/ioqueue.o
 .bss           0x00000000c000c720       0x6c build/tss.o
 .bss           0x00000000c000c78c        0x0 build/process.o
 .bss           0x00000000c000c78c        0x0 build/syscall.o
 .bss           0x00000000c000c78c        0x0 build/syscall-init.o
 .bss           0x00000000c000c78c        0x0 build/stdio.o
 .bss           0x00000000c000c78c        0x6 build/ide.o
                0x00000000c000c78c                ext_lba_base
                0x00000000c000c790                p_no
                0x00000000c000c791                l_no
 .bss           0x00000000c000c792        0x0 build/stdio-kernel.o
 .bss           0x00000000c000c792        0x0 build/fs.o
 .bss           0x00000000c000c792        0x0 build/inode.o
 .bss           0x00000000c000c792        0x0 build/file.o
 .bss           0x00000000c000c792        0x0 build/dir.o
 *(COMMON)
 *fill*         0x00000000c000c792        0xe 
 COMMON         0x00000000c000c7a0      0x424 build/interrupt.o
                0x00000000c000c7a0                intr_name
                0x00000000c000c9c0                idt_table
 COMMON         0x00000000c000cbc4        0x4 build/timer.o
                0x00000000c000cbc4                ticks
 *fill*         0x00000000c000cbc8       0x18 
 COMMON         0x00000000c000cbe0      0x12c build/memory.o
                0x00000000c000cbe0                user_pool
                0x00000000c000cc20                k_block_descs
                0x00000000c000ccc8                kernel_vaddr
                0x00000000c000cce0                kernel_pool
 COMMON         0x00000000c000cd0c       0x44 build/thread.o
                0x00000000c000cd0c                thread_ready_list
                0x00000000c000cd1c                thread_all_list
                0x00000000c000cd2c                idle_thread
                0x00000000c000cd30                g_main_thread
                0x00000000c000cd34                pid_lock
 *fill*         0x00000000c000cd50       0x10 
 COMMON         0x00000000c000cd60       0x6c build/keyboard.o
                0x00000000c000cd60                kbd_buf
 *fill*         0x00000000c000cdcc       0x14 
 COMMON         0x00000000c000cde0       0x80 build/syscall-init.o
                0x00000000c000cde0                syscall_table
 COMMON         0x00000000c000ce60      0xcf0 build/ide.o
                0x00000000c000ce60                channel_cnt
                0x00000000c000ce80                channels
                0x00000000c000db40                partition_list
 COMMON         0x00000000c000db50        0x4 build/fs.o
                0x00000000c000db50                cur_part
 *fill*         0x00000000c000db54        0xc 
 COMMON         0x00000000c000db60      0x180 build/file.o
                0x00000000c000db60                file_table
 COMMON         0x00000000c000dce0      0x208 build/dir.o
                0x00000000c000dce0                root_dir
                0x00000000c000dee8                . = ALIGN ((. != 0x0)?0x4:0x1)
                0x00000000c000dee8                . = ALIGN (0x4)
                0x00000000c000dee8                . = SEGMENT_START ("ldata-segment", .)
                0x00000000c000dee8                . = ALIGN (0x4)
                0x00000000c000dee8                _end = .
                [!provide]                        PROVIDE (end, .)
                0x00000000c000dee8                . = DATA_SEGMENT_END (.)

.stab
 *(.stab)

.stabstr
 *(.stabstr)

.stab.excl
 *(.stab.excl)

.stab.exclstr
 *(.stab.exclstr)

.stab.index
 *(.stab.index)

.stab.indexstr
 *(.stab.indexstr)

.comment        0x0000000000000000       0x35
 *(.comment)
 .comment       0x0000000000000000       0x35 build/main.o
                                         0x36 (size before relaxing)
 .comment       0x0000000000000035       0x36 build/init.o
 .comment       0x0000000000000035       0x36 build/interrupt.o
 .comment       0x0000000000000035       0x36 build/timer.o
 .comment       0x0000000000000035       0x36 build/debug.o
 .comment       0x0000000000000035       0x36 build/bitmap.o
 .comment       0x0000000000000035       0x36 build/memory.o
 .comment       0x0000000000000035       0x36 build/string.o
 .comment       0x0000000000000035       0x36 build/thread.o
 .comment       0x0000000000000035       0x36 build/list.o
 .comment       0x0000000000000035       0x36 build/console.o
 .comment       0x0000000000000035       0x36 build/sync.o
 .comment       0x0000000000000035       0x36 build/keyboard.o
 .comment       0x0000000000000035       0x36 build/ioqueue.o
 .comment       0x0000000000000035       0x36 build/tss.o
 .comment       0x0000000000000035       0x36 build/process.o
 .comment       0x0000000000000035       0x36 build/syscall.o
 .comment       0x0000000000000035       0x36 build/syscall-init.o
 .comment       0x0000000000000035       0x36 build/stdio.o
 .comment       0x0000000000000035       0x36 build/ide.o
 .comment       0x0000000000000035       0x36 build/stdio-kernel.o
 .comment       0x0000000000000035       0x36 build/fs.o
 .comment       0x0000000000000035       0x36 build/inode.o
 .comment       0x0000000000000035       0x36 build/file.o
 .comment       0x0000000000000035       0x36 build/dir.o

.debug
 *(.debug)

.line
 *(.line)

.debug_srcinfo
 *(.debug_srcinfo)

.debug_sfnames
 *(.debug_sfnames)

.debug_aranges  0x0000000000000000      0x320
 *(.debug_aranges)
 .debug_aranges
                0x0000000000000000       0x20 build/main.o
 .debug_aranges
                0x0000000000000020       0x20 build/init.o
 .debug_aranges
                0x0000000000000040       0x20 build/interrupt.o
 .debug_aranges
                0x0000000000000060       0x20 build/timer.o
 .debug_aranges
                0x0000000000000080       0x20 build/debug.o
 .debug_aranges
                0x00000000000000a0       0x20 build/bitmap.o
 .debug_aranges
                0x00000000000000c0       0x20 build/memory.o
 .debug_aranges
                0x00000000000000e0       0x20 build/string.o
 .debug_aranges
                0x0000000000000100       0x20 build/thread.o
 .debug_aranges
                0x0000000000000120       0x20 build/list.o
 .debug_aranges
                0x0000000000000140       0x20 build/console.o
 .debug_aranges
                0x0000000000000160       0x20 build/sync.o
 .debug_aranges
                0x0000000000000180       0x20 build/keyboard.o
 .debug_aranges
                0x00000000000001a0       0x20 build/ioqueue.o
 .debug_aranges
                0x00000000000001c0       0x20 build/tss.o
 .debug_aranges
                0x00000000000001e0       0x20 build/process.o
 .debug_aranges
                0x0000000000000200       0x20 build/syscall.o
 .debug_aranges
                0x0000000000000220       0x20 build/syscall-init.o
 .debug_aranges
                0x0000000000000240       0x20 build/stdio.o
 .debug_aranges
                0x0000000000000260       0x20 build/ide.o
 .debug_aranges
                0x0000000000000280       0x20 build/stdio-kernel.o
 .debug_aranges
                0x00000000000002a0       0x20 build/fs.o
 .debug_aranges
                0x00000000000002c0       0x20 build/inode.o
 .debug_aranges
                0x00000000000002e0       0x20 build/file.o
 .debug_aranges
                0x0000000000000300       0x20 build/dir.o

.debug_pubnames
 *(.debug_pubnames)

.debug_info     0x0000000000000000     0x7fdb
 *(.debug_info .gnu.linkonce.wi.*)
 .debug_info    0x0000000000000000      0x1fc build/main.o
 .debug_info    0x00000000000001fc       0x7d build/init.o
 .debug_info    0x0000000000000279      0x39a build/interrupt.o
 .debug_info    0x0000000000000613      0x42c build/timer.o
 .debug_info    0x0000000000000a3f       0xc4 build/debug.o
 .debug_info    0x0000000000000b03      0x267 build/bitmap.o
 .debug_info    0x0000000000000d6a      0xcb7 build/memory.o
 .debug_info    0x0000000000001a21      0x457 build/string.o
 .debug_info    0x0000000000001e78      0x781 build/thread.o
 .debug_info    0x00000000000025f9      0x32f build/list.o
 .debug_info    0x0000000000002928      0x3a8 build/console.o
 .debug_info    0x0000000000002cd0      0x4ba build/sync.o
 .debug_info    0x000000000000318a      0x4da build/keyboard.o
 .debug_info    0x0000000000003664      0x589 build/ioqueue.o
 .debug_info    0x0000000000003bed      0x532 build/tss.o
 .debug_info    0x000000000000411f      0x593 build/process.o
 .debug_info    0x00000000000046b2      0x18b build/syscall.o
 .debug_info    0x000000000000483d      0x122 build/syscall-init.o
 .debug_info    0x000000000000495f      0x23a build/stdio.o
 .debug_info    0x0000000000004b99      0xcb5 build/ide.o
 .debug_info    0x000000000000584e       0xdb build/stdio-kernel.o
 .debug_info    0x0000000000005929      0xbff build/fs.o
 .debug_info    0x0000000000006528      0x880 build/inode.o
 .debug_info    0x0000000000006da8      0x8bf build/file.o
 .debug_info    0x0000000000007667      0x974 build/dir.o

.debug_abbrev   0x0000000000000000     0x1f0c
 *(.debug_abbrev)
 .debug_abbrev  0x0000000000000000       0xb5 build/main.o
 .debug_abbrev  0x00000000000000b5       0x42 build/init.o
 .debug_abbrev  0x00000000000000f7      0x19b build/interrupt.o
 .debug_abbrev  0x0000000000000292      0x16b build/timer.o
 .debug_abbrev  0x00000000000003fd       0x63 build/debug.o
 .debug_abbrev  0x0000000000000460      0x103 build/bitmap.o
 .debug_abbrev  0x0000000000000563      0x241 build/memory.o
 .debug_abbrev  0x00000000000007a4       0xe4 build/string.o
 .debug_abbrev  0x0000000000000888      0x1e5 build/thread.o
 .debug_abbrev  0x0000000000000a6d      0x13d build/list.o
 .debug_abbrev  0x0000000000000baa      0x116 build/console.o
 .debug_abbrev  0x0000000000000cc0      0x10c build/sync.o
 .debug_abbrev  0x0000000000000dcc      0x140 build/keyboard.o
 .debug_abbrev  0x0000000000000f0c      0x17a build/ioqueue.o
 .debug_abbrev  0x0000000000001086      0x13b build/tss.o
 .debug_abbrev  0x00000000000011c1      0x14d build/process.o
 .debug_abbrev  0x000000000000130e       0xcb build/syscall.o
 .debug_abbrev  0x00000000000013d9       0xe1 build/syscall-init.o
 .debug_abbrev  0x00000000000014ba       0xce build/stdio.o
 .debug_abbrev  0x0000000000001588      0x245 build/ide.o
 .debug_abbrev  0x00000000000017cd       0xa5 build/stdio-kernel.o
 .debug_abbrev  0x0000000000001872      0x234 build/fs.o
 .debug_abbrev  0x0000000000001aa6      0x177 build/inode.o
 .debug_abbrev  0x0000000000001c1d      0x168 build/file.o
 .debug_abbrev  0x0000000000001d85      0x187 build/dir.o

.debug_line     0x0000000000000000     0x1d33
 *(.debug_line .debug_line.* .debug_line_end)
 .debug_line    0x0000000000000000       0xcc build/main.o
 .debug_line    0x00000000000000cc       0x4a build/init.o
 .debug_line    0x0000000000000116      0x131 build/interrupt.o
 .debug_line    0x0000000000000247       0xda build/timer.o
 .debug_line    0x0000000000000321       0x51 build/debug.o
 .debug_line    0x0000000000000372       0xb9 build/bitmap.o
 .debug_line    0x000000000000042b      0x38a build/memory.o
 .debug_line    0x00000000000007b5      0x155 build/string.o
 .debug_line    0x000000000000090a      0x1af build/thread.o
 .debug_line    0x0000000000000ab9       0xb1 build/list.o
 .debug_line    0x0000000000000b6a       0xb6 build/console.o
 .debug_line    0x0000000000000c20      0x11c build/sync.o
 .debug_line    0x0000000000000d3c      0x197 build/keyboard.o
 .debug_line    0x0000000000000ed3      0x13b build/ioqueue.o
 .debug_line    0x000000000000100e       0xc4 build/tss.o
 .debug_line    0x00000000000010d2      0x111 build/process.o
 .debug_line    0x00000000000011e3       0x6c build/syscall.o
 .debug_line    0x000000000000124f       0x7b build/syscall-init.o
 .debug_line    0x00000000000012ca       0x9d build/stdio.o
 .debug_line    0x0000000000001367      0x263 build/ide.o
 .debug_line    0x00000000000015ca       0x61 build/stdio-kernel.o
 .debug_line    0x000000000000162b      0x28a build/fs.o
 .debug_line    0x00000000000018b5      0x150 build/inode.o
 .debug_line    0x0000000000001a05      0x167 build/file.o
 .debug_line    0x0000000000001b6c      0x1c7 build/dir.o

.debug_frame
 *(.debug_frame)

.debug_str      0x0000000000000000     0x191e
 *(.debug_str)
 .debug_str     0x0000000000000000      0x144 build/main.o
                                        0x162 (size before relaxing)
 .debug_str     0x0000000000000144       0x17 build/init.o
                                         0xfa (size before relaxing)
 .debug_str     0x000000000000015b      0x1d8 build/interrupt.o
                                        0x2d4 (size before relaxing)
 .debug_str     0x0000000000000333      0x213 build/timer.o
                                        0x35f (size before relaxing)
 .debug_str     0x0000000000000546       0x32 build/debug.o
                                        0x111 (size before relaxing)
 .debug_str     0x0000000000000578       0x97 build/bitmap.o
                                        0x1c2 (size before relaxing)
 .debug_str     0x000000000000060f      0x2a7 build/memory.o
                                        0x5d9 (size before relaxing)
 .debug_str     0x00000000000008b6       0x70 build/string.o
                                        0x17f (size before relaxing)
 .debug_str     0x0000000000000926      0x154 build/thread.o
                                        0x472 (size before relaxing)
 .debug_str     0x0000000000000a7a       0x9c build/list.o
                                        0x1e6 (size before relaxing)
 .debug_str     0x0000000000000b16       0x86 build/console.o
                                        0x344 (size before relaxing)
 .debug_str     0x0000000000000b9c       0x69 build/sync.o
                                        0x358 (size before relaxing)
 .debug_str     0x0000000000000c05       0xf3 build/keyboard.o
                                        0x3d3 (size before relaxing)
 .debug_str     0x0000000000000cf8       0x69 build/ioqueue.o
                                        0x36c (size before relaxing)
 .debug_str     0x0000000000000d61       0xf0 build/tss.o
                                        0x3b8 (size before relaxing)
 .debug_str     0x0000000000000e51      0x10e build/process.o
                                        0x427 (size before relaxing)
 .debug_str     0x0000000000000f5f       0x4e build/syscall.o
                                        0x14f (size before relaxing)
 .debug_str     0x0000000000000fad       0x50 build/syscall-init.o
                                        0x170 (size before relaxing)
 .debug_str     0x0000000000000ffd       0x61 build/stdio.o
                                        0x185 (size before relaxing)
 .debug_str     0x000000000000105e      0x2d3 build/ide.o
                                        0x5f0 (size before relaxing)
 .debug_str     0x0000000000001331       0x21 build/stdio-kernel.o
                                        0x118 (size before relaxing)
 .debug_str     0x0000000000001352      0x312 build/fs.o
                                        0x76f (size before relaxing)
 .debug_str     0x0000000000001664       0xf0 build/inode.o
                                        0x5b7 (size before relaxing)
 .debug_str     0x0000000000001754       0xf8 build/file.o
                                        0x651 (size before relaxing)
 .debug_str     0x000000000000184c       0xd2 build/dir.o
                                        0x62d (size before relaxing)

.debug_loc
 *(.debug_loc)

.debug_macinfo
 *(.debug_macinfo)

.debug_weaknames
 *(.debug_weaknames)

.debug_funcnames
 *(.debug_funcnames)

.debug_typenames
 *(.debug_typenames)

.debug_varnames
 *(.debug_varnames)

.debug_pubtypes
 *(.debug_pubtypes)

.debug_ranges   0x0000000000000000       0x30
 *(.debug_ranges)
 .debug_ranges  0x0000000000000000       0x30 build/keyboard.o

.debug_macro
 *(.debug_macro)

.gnu.attributes
 *(.gnu.attributes)

/DISCARD/
 *(.note.GNU-stack)
 *(.gnu_debuglink)
 *(.gnu.lto_*)
OUTPUT(build/kernel.bin elf32-i386)
