
Allocating common symbols
Common symbol       size              file

thread_ready_list   0x10              build/thread.o
thread_all_list     0x10              build/thread.o
user_pool           0x10              build/memory.o
intr_name           0x84              build/interrupt.o
main_thread         0x4               build/thread.o
ticks               0x4               build/timer.o
kernel_vaddr        0xc               build/memory.o
idt_table           0x84              build/interrupt.o
kernel_pool         0x10              build/memory.o

Discarded input sections

 .note.GNU-stack
                0x0000000000000000        0x0 build/main.o
 .note.GNU-stack
                0x0000000000000000        0x0 build/init.o
 .note.GNU-stack
                0x0000000000000000        0x0 build/interrupt.o
 .note.GNU-stack
                0x0000000000000000        0x0 build/timer.o
 .note.GNU-stack
                0x0000000000000000        0x0 build/debug.o
 .note.GNU-stack
                0x0000000000000000        0x0 build/bitmap.o
 .note.GNU-stack
                0x0000000000000000        0x0 build/memory.o
 .note.GNU-stack
                0x0000000000000000        0x0 build/string.o
 .note.GNU-stack
                0x0000000000000000        0x0 build/thread.o
 .note.GNU-stack
                0x0000000000000000        0x0 build/list.o

Memory Configuration

Name             Origin             Length             Attributes
*default*        0x0000000000000000 0xffffffffffffffff

Linker script and memory map

Address of section .text set to 0xc0001500
LOAD build/main.o
LOAD build/init.o
LOAD build/interrupt.o
LOAD build/timer.o
LOAD build/kernel.o
LOAD build/print.o
LOAD build/debug.o
LOAD build/bitmap.o
LOAD build/memory.o
LOAD build/string.o
LOAD build/thread.o
LOAD build/list.o
LOAD build/switch.o
                [!provide]                        PROVIDE (__executable_start, 0x8048000)
                0x0000000008048094                . = (0x8048000 + SIZEOF_HEADERS)

.interp
 *(.interp)

.note.gnu.build-id
 *(.note.gnu.build-id)

.hash
 *(.hash)

.gnu.hash
 *(.gnu.hash)

.dynsym
 *(.dynsym)

.dynstr
 *(.dynstr)

.gnu.version
 *(.gnu.version)

.gnu.version_d
 *(.gnu.version_d)

.gnu.version_r
 *(.gnu.version_r)

.rel.dyn        0x0000000008048094        0x0
 *(.rel.init)
 *(.rel.text .rel.text.* .rel.gnu.linkonce.t.*)
 .rel.text      0x0000000008048094        0x0 build/main.o
 *(.rel.fini)
 *(.rel.rodata .rel.rodata.* .rel.gnu.linkonce.r.*)
 *(.rel.data.rel.ro .rel.data.rel.ro.* .rel.gnu.linkonce.d.rel.ro.*)
 *(.rel.data .rel.data.* .rel.gnu.linkonce.d.*)
 *(.rel.tdata .rel.tdata.* .rel.gnu.linkonce.td.*)
 *(.rel.tbss .rel.tbss.* .rel.gnu.linkonce.tb.*)
 *(.rel.ctors)
 *(.rel.dtors)
 *(.rel.got)
 *(.rel.bss .rel.bss.* .rel.gnu.linkonce.b.*)
 *(.rel.ifunc)

.rel.plt        0x0000000008048094        0x0
 *(.rel.plt)
                [!provide]                        PROVIDE (__rel_iplt_start, .)
 *(.rel.iplt)
 .rel.iplt      0x0000000008048094        0x0 build/main.o
                [!provide]                        PROVIDE (__rel_iplt_end, .)

.init
 *(SORT(.init))

.plt            0x00000000080480a0        0x0
 *(.plt)
 *(.iplt)
 .iplt          0x00000000080480a0        0x0 build/main.o

.plt.got
 *(.plt.got)

.text           0x00000000c0001500     0x1de5
 *(.text.unlikely .text.*_unlikely .text.unlikely.*)
 *(.text.exit .text.exit.*)
 *(.text.startup .text.startup.*)
 *(.text.hot .text.hot.*)
 *(.text .stub .text.* .gnu.linkonce.t.*)
 .text          0x00000000c0001500       0xa7 build/main.o
                0x00000000c0001500                main
                0x00000000c000156f                k_thread_a
                0x00000000c000158b                k_thread_b
 .text          0x00000000c00015a7       0x2d build/init.o
                0x00000000c00015a7                init_all
 .text          0x00000000c00015d4      0x443 build/interrupt.o
                0x00000000c00018fb                intr_enable
                0x00000000c0001924                intr_disable
                0x00000000c000194d                intr_set_status
                0x00000000c000196b                intr_get_status
                0x00000000c000198f                register_handler
                0x00000000c00019ac                idt_init
 .text          0x00000000c0001a17      0x162 build/timer.o
                0x00000000c0001b26                timer_init
 *fill*         0x00000000c0001b79        0x7 
 .text          0x00000000c0001b80      0x393 build/kernel.o
                0x00000000c0001b80                intr_exit
 *fill*         0x00000000c0001f13        0xd 
 .text          0x00000000c0001f20      0x172 build/print.o
                0x00000000c0001f20                put_str
                0x00000000c0001f3e                put_char
                0x00000000c000200b                put_int
                0x00000000c000206e                set_cursor
 .text          0x00000000c0002092       0xd6 build/debug.o
                0x00000000c0002092                panic_spin
 .text          0x00000000c0002168      0x249 build/bitmap.o
                0x00000000c0002168                bitmap_init
                0x00000000c000218b                bitmap_scan_test
                0x00000000c00021cb                bitmap_scan
                0x00000000c0002300                bitmap_set
 .text          0x00000000c00023b1      0x55a build/memory.o
                0x00000000c0002433                pte_ptr
                0x00000000c0002463                pde_ptr
                0x00000000c00025ee                malloc_page
                0x00000000c00026b0                get_kernel_pages
                0x00000000c00028ca                mem_init
 .text          0x00000000c000290b      0x3d0 build/string.o
                0x00000000c000290b                memset
                0x00000000c000295d                memcpy
                0x00000000c00029bd                memcmp
                0x00000000c0002a40                strcpy
                0x00000000c0002a95                strlen
                0x00000000c0002ae0                strcmp
                0x00000000c0002b59                strchr
                0x00000000c0002bb1                strrchr
                0x00000000c0002c0f                strcat
                0x00000000c0002c79                strchrs
 .text          0x00000000c0002cdb      0x3f9 build/thread.o
                0x00000000c0002cdb                running_thread
                0x00000000c0002d0c                thread_create
                0x00000000c0002d83                init_thread
                0x00000000c0002e16                thread_start
                0x00000000c0002f6c                schedule
                0x00000000c0003086                thread_init
 .text          0x00000000c00030d4      0x1f1 build/list.o
                0x00000000c00030d4                list_init
                0x00000000c0003102                list_insert_before
                0x00000000c0003147                list_push
                0x00000000c0003165                list_append
                0x00000000c0003183                list_remove
                0x00000000c00031bd                list_pop
                0x00000000c00031df                elem_find
                0x00000000c000321a                list_traversal
                0x00000000c0003277                list_len
                0x00000000c00032ac                list_empty
 *fill*         0x00000000c00032c5        0xb 
 .text          0x00000000c00032d0       0x15 build/switch.o
                0x00000000c00032d0                switch_to
 *(.gnu.warning)

.fini
 *(SORT(.fini))
                [!provide]                        PROVIDE (__etext, .)
                [!provide]                        PROVIDE (_etext, .)
                [!provide]                        PROVIDE (etext, .)

.rodata         0x00000000c00032e8      0x7a1
 *(.rodata .rodata.* .gnu.linkonce.r.*)
 .rodata        0x00000000c00032e8       0x35 build/main.o
 .rodata        0x00000000c000331d        0xa build/init.o
 *fill*         0x00000000c0003327        0x1 
 .rodata        0x00000000c0003328      0x2cd build/interrupt.o
 *fill*         0x00000000c00035f5        0x3 
 .rodata        0x00000000c00035f8       0x6b build/timer.o
 .rodata        0x00000000c0003663       0x3f build/debug.o
 *fill*         0x00000000c00036a2        0x2 
 .rodata        0x00000000c00036a4       0x6b build/bitmap.o
 *fill*         0x00000000c000370f        0x1 
 .rodata        0x00000000c0003710      0x130 build/memory.o
 .rodata        0x00000000c0003840       0xc4 build/string.o
 .rodata        0x00000000c0003904      0x185 build/thread.o

.rodata1
 *(.rodata1)

.eh_frame_hdr
 *(.eh_frame_hdr)
 *(.eh_frame_entry .eh_frame_entry.*)

.eh_frame       0x00000000c0003a8c      0x7ec
 *(.eh_frame)
 .eh_frame      0x00000000c0003a8c       0x74 build/main.o
 .eh_frame      0x00000000c0003b00       0x20 build/init.o
                                         0x38 (size before relaxing)
 .eh_frame      0x00000000c0003b20      0x188 build/interrupt.o
                                        0x1a0 (size before relaxing)
 .eh_frame      0x00000000c0003ca8       0x88 build/timer.o
                                         0xa0 (size before relaxing)
 .eh_frame      0x00000000c0003d30       0x1c build/debug.o
                                         0x34 (size before relaxing)
 .eh_frame      0x00000000c0003d4c       0x8c build/bitmap.o
                                         0xa4 (size before relaxing)
 .eh_frame      0x00000000c0003dd8      0x120 build/memory.o
                                        0x138 (size before relaxing)
 .eh_frame      0x00000000c0003ef8      0x140 build/string.o
                                        0x158 (size before relaxing)
 .eh_frame      0x00000000c0004038      0x100 build/thread.o
                                        0x118 (size before relaxing)
 .eh_frame      0x00000000c0004138      0x140 build/list.o
                                        0x158 (size before relaxing)
 *(.eh_frame.*)

.gcc_except_table
 *(.gcc_except_table .gcc_except_table.*)

.gnu_extab
 *(.gnu_extab*)

.exception_ranges
 *(.exception_ranges .exception_ranges*)
                0x00000000c0005278                . = DATA_SEGMENT_ALIGN (0x1000, 0x1000)

.eh_frame
 *(.eh_frame)
 *(.eh_frame.*)

.gnu_extab
 *(.gnu_extab)

.gcc_except_table
 *(.gcc_except_table .gcc_except_table.*)

.exception_ranges
 *(.exception_ranges .exception_ranges*)

.tdata
 *(.tdata .tdata.* .gnu.linkonce.td.*)

.tbss
 *(.tbss .tbss.* .gnu.linkonce.tb.*)
 *(.tcommon)

.preinit_array  0x00000000c0005278        0x0
                [!provide]                        PROVIDE (__preinit_array_start, .)
 *(.preinit_array)
                [!provide]                        PROVIDE (__preinit_array_end, .)

.init_array     0x00000000c0005278        0x0
                [!provide]                        PROVIDE (__init_array_start, .)
 *(SORT(.init_array.*) SORT(.ctors.*))
 *(.init_array EXCLUDE_FILE(*crtend?.o *crtend.o *crtbegin?.o *crtbegin.o) .ctors)
                [!provide]                        PROVIDE (__init_array_end, .)

.fini_array     0x00000000c0005278        0x0
                [!provide]                        PROVIDE (__fini_array_start, .)
 *(SORT(.fini_array.*) SORT(.dtors.*))
 *(.fini_array EXCLUDE_FILE(*crtend?.o *crtend.o *crtbegin?.o *crtbegin.o) .dtors)
                [!provide]                        PROVIDE (__fini_array_end, .)

.ctors
 *crtbegin.o(.ctors)
 *crtbegin?.o(.ctors)
 *(EXCLUDE_FILE(*crtend?.o *crtend.o) .ctors)
 *(SORT(.ctors.*))
 *(.ctors)

.dtors
 *crtbegin.o(.dtors)
 *crtbegin?.o(.dtors)
 *(EXCLUDE_FILE(*crtend?.o *crtend.o) .dtors)
 *(SORT(.dtors.*))
 *(.dtors)

.jcr
 *(.jcr)

.data.rel.ro
 *(.data.rel.ro.local* .gnu.linkonce.d.rel.ro.local.*)
 *(.data.rel.ro .data.rel.ro.* .gnu.linkonce.d.rel.ro.*)

.dynamic
 *(.dynamic)

.got
 *(.got)
 *(.igot)
                0x00000000c0005278                . = DATA_SEGMENT_RELRO_END (., (SIZEOF (.got.plt) >= 0xc)?0xc:0x0)

.got.plt        0x00000000c0005278        0x0
 *(.got.plt)
 *(.igot.plt)
 .igot.plt      0x00000000c0005278        0x0 build/main.o

.data           0x00000000c0005278       0x8c
 *(.data .data.* .gnu.linkonce.d.*)
 .data          0x00000000c0005278        0x0 build/main.o
 .data          0x00000000c0005278        0x0 build/init.o
 .data          0x00000000c0005278        0x0 build/interrupt.o
 .data          0x00000000c0005278        0x0 build/timer.o
 .data          0x00000000c0005278       0x84 build/kernel.o
                0x00000000c0005278                intr_entry_table
 .data          0x00000000c00052fc        0x8 build/print.o
 .data          0x00000000c0005304        0x0 build/debug.o
 .data          0x00000000c0005304        0x0 build/bitmap.o
 .data          0x00000000c0005304        0x0 build/memory.o
 .data          0x00000000c0005304        0x0 build/string.o
 .data          0x00000000c0005304        0x0 build/thread.o
 .data          0x00000000c0005304        0x0 build/list.o

.data1
 *(.data1)
                0x00000000c0005304                _edata = .
                [!provide]                        PROVIDE (edata, .)
                0x00000000c0005304                . = .
                0x00000000c0005304                __bss_start = .

.bss            0x00000000c0005320      0x298
 *(.dynbss)
 *(.bss .bss.* .gnu.linkonce.b.*)
 .bss           0x00000000c0005320        0x0 build/main.o
 .bss           0x00000000c0005320        0x0 build/init.o
 .bss           0x00000000c0005320      0x108 build/interrupt.o
 .bss           0x00000000c0005428        0x0 build/timer.o
 .bss           0x00000000c0005428        0x0 build/debug.o
 .bss           0x00000000c0005428        0x0 build/bitmap.o
 .bss           0x00000000c0005428        0x0 build/memory.o
 .bss           0x00000000c0005428        0x0 build/string.o
 .bss           0x00000000c0005428        0x4 build/thread.o
 .bss           0x00000000c000542c        0x0 build/list.o
 *(COMMON)
 *fill*         0x00000000c000542c       0x14 
 COMMON         0x00000000c0005440      0x124 build/interrupt.o
                0x00000000c0005440                intr_name
                0x00000000c00054e0                idt_table
 COMMON         0x00000000c0005564        0x4 build/timer.o
                0x00000000c0005564                ticks
 COMMON         0x00000000c0005568       0x2c build/memory.o
                0x00000000c0005568                user_pool
                0x00000000c0005578                kernel_vaddr
                0x00000000c0005584                kernel_pool
 COMMON         0x00000000c0005594       0x24 build/thread.o
                0x00000000c0005594                thread_ready_list
                0x00000000c00055a4                thread_all_list
                0x00000000c00055b4                main_thread
                0x00000000c00055b8                . = ALIGN ((. != 0x0)?0x4:0x1)
                0x00000000c00055b8                . = ALIGN (0x4)
                0x00000000c00055b8                . = SEGMENT_START ("ldata-segment", .)
                0x00000000c00055b8                . = ALIGN (0x4)
                0x00000000c00055b8                _end = .
                [!provide]                        PROVIDE (end, .)
                0x00000000c00055b8                . = DATA_SEGMENT_END (.)

.stab
 *(.stab)

.stabstr
 *(.stabstr)

.stab.excl
 *(.stab.excl)

.stab.exclstr
 *(.stab.exclstr)

.stab.index
 *(.stab.index)

.stab.indexstr
 *(.stab.indexstr)

.comment        0x0000000000000000       0x35
 *(.comment)
 .comment       0x0000000000000000       0x35 build/main.o
                                         0x36 (size before relaxing)
 .comment       0x0000000000000035       0x36 build/init.o
 .comment       0x0000000000000035       0x36 build/interrupt.o
 .comment       0x0000000000000035       0x36 build/timer.o
 .comment       0x0000000000000035       0x36 build/debug.o
 .comment       0x0000000000000035       0x36 build/bitmap.o
 .comment       0x0000000000000035       0x36 build/memory.o
 .comment       0x0000000000000035       0x36 build/string.o
 .comment       0x0000000000000035       0x36 build/thread.o
 .comment       0x0000000000000035       0x36 build/list.o

.debug
 *(.debug)

.line
 *(.line)

.debug_srcinfo
 *(.debug_srcinfo)

.debug_sfnames
 *(.debug_sfnames)

.debug_aranges
 *(.debug_aranges)

.debug_pubnames
 *(.debug_pubnames)

.debug_info
 *(.debug_info .gnu.linkonce.wi.*)

.debug_abbrev
 *(.debug_abbrev)

.debug_line
 *(.debug_line .debug_line.* .debug_line_end)

.debug_frame
 *(.debug_frame)

.debug_str
 *(.debug_str)

.debug_loc
 *(.debug_loc)

.debug_macinfo
 *(.debug_macinfo)

.debug_weaknames
 *(.debug_weaknames)

.debug_funcnames
 *(.debug_funcnames)

.debug_typenames
 *(.debug_typenames)

.debug_varnames
 *(.debug_varnames)

.debug_pubtypes
 *(.debug_pubtypes)

.debug_ranges
 *(.debug_ranges)

.debug_macro
 *(.debug_macro)

.gnu.attributes
 *(.gnu.attributes)

/DISCARD/
 *(.note.GNU-stack)
 *(.gnu_debuglink)
 *(.gnu.lto_*)
OUTPUT(build/kernel.bin elf32-i386)
